Archive member included to satisfy reference by file (symbol)

D:/Programas/STM32CubeIDE/STM32CubeIDE_1.14.0/STM32CubeIDE/plugins/com.st.stm32cube.ide.mcu.externaltools.gnu-tools-for-stm32.11.3.rel1.win32_1.1.100.202309141235/tools/bin/../lib/gcc/arm-none-eabi/11.3.1/../../../../arm-none-eabi/lib/thumb/v7-m/nofp\libc_nano.a(libc_a-exit.o)
                              D:/Programas/STM32CubeIDE/STM32CubeIDE_1.14.0/STM32CubeIDE/plugins/com.st.stm32cube.ide.mcu.externaltools.gnu-tools-for-stm32.11.3.rel1.win32_1.1.100.202309141235/tools/bin/../lib/gcc/arm-none-eabi/11.3.1/../../../../arm-none-eabi/lib/thumb/v7-m/nofp/crt0.o (exit)
D:/Programas/STM32CubeIDE/STM32CubeIDE_1.14.0/STM32CubeIDE/plugins/com.st.stm32cube.ide.mcu.externaltools.gnu-tools-for-stm32.11.3.rel1.win32_1.1.100.202309141235/tools/bin/../lib/gcc/arm-none-eabi/11.3.1/../../../../arm-none-eabi/lib/thumb/v7-m/nofp\libc_nano.a(libc_a-findfp.o)
                              D:/Programas/STM32CubeIDE/STM32CubeIDE_1.14.0/STM32CubeIDE/plugins/com.st.stm32cube.ide.mcu.externaltools.gnu-tools-for-stm32.11.3.rel1.win32_1.1.100.202309141235/tools/bin/../lib/gcc/arm-none-eabi/11.3.1/../../../../arm-none-eabi/lib/thumb/v7-m/nofp\libc_nano.a(libc_a-exit.o) (__stdio_exit_handler)
D:/Programas/STM32CubeIDE/STM32CubeIDE_1.14.0/STM32CubeIDE/plugins/com.st.stm32cube.ide.mcu.externaltools.gnu-tools-for-stm32.11.3.rel1.win32_1.1.100.202309141235/tools/bin/../lib/gcc/arm-none-eabi/11.3.1/../../../../arm-none-eabi/lib/thumb/v7-m/nofp\libc_nano.a(libc_a-fwalk.o)
                              D:/Programas/STM32CubeIDE/STM32CubeIDE_1.14.0/STM32CubeIDE/plugins/com.st.stm32cube.ide.mcu.externaltools.gnu-tools-for-stm32.11.3.rel1.win32_1.1.100.202309141235/tools/bin/../lib/gcc/arm-none-eabi/11.3.1/../../../../arm-none-eabi/lib/thumb/v7-m/nofp\libc_nano.a(libc_a-findfp.o) (_fwalk_sglue)
D:/Programas/STM32CubeIDE/STM32CubeIDE_1.14.0/STM32CubeIDE/plugins/com.st.stm32cube.ide.mcu.externaltools.gnu-tools-for-stm32.11.3.rel1.win32_1.1.100.202309141235/tools/bin/../lib/gcc/arm-none-eabi/11.3.1/../../../../arm-none-eabi/lib/thumb/v7-m/nofp\libc_nano.a(libc_a-stdio.o)
                              D:/Programas/STM32CubeIDE/STM32CubeIDE_1.14.0/STM32CubeIDE/plugins/com.st.stm32cube.ide.mcu.externaltools.gnu-tools-for-stm32.11.3.rel1.win32_1.1.100.202309141235/tools/bin/../lib/gcc/arm-none-eabi/11.3.1/../../../../arm-none-eabi/lib/thumb/v7-m/nofp\libc_nano.a(libc_a-findfp.o) (__sread)
D:/Programas/STM32CubeIDE/STM32CubeIDE_1.14.0/STM32CubeIDE/plugins/com.st.stm32cube.ide.mcu.externaltools.gnu-tools-for-stm32.11.3.rel1.win32_1.1.100.202309141235/tools/bin/../lib/gcc/arm-none-eabi/11.3.1/../../../../arm-none-eabi/lib/thumb/v7-m/nofp\libc_nano.a(libc_a-memset.o)
                              D:/Programas/STM32CubeIDE/STM32CubeIDE_1.14.0/STM32CubeIDE/plugins/com.st.stm32cube.ide.mcu.externaltools.gnu-tools-for-stm32.11.3.rel1.win32_1.1.100.202309141235/tools/bin/../lib/gcc/arm-none-eabi/11.3.1/../../../../arm-none-eabi/lib/thumb/v7-m/nofp/crt0.o (memset)
D:/Programas/STM32CubeIDE/STM32CubeIDE_1.14.0/STM32CubeIDE/plugins/com.st.stm32cube.ide.mcu.externaltools.gnu-tools-for-stm32.11.3.rel1.win32_1.1.100.202309141235/tools/bin/../lib/gcc/arm-none-eabi/11.3.1/../../../../arm-none-eabi/lib/thumb/v7-m/nofp\libc_nano.a(libc_a-closer.o)
                              D:/Programas/STM32CubeIDE/STM32CubeIDE_1.14.0/STM32CubeIDE/plugins/com.st.stm32cube.ide.mcu.externaltools.gnu-tools-for-stm32.11.3.rel1.win32_1.1.100.202309141235/tools/bin/../lib/gcc/arm-none-eabi/11.3.1/../../../../arm-none-eabi/lib/thumb/v7-m/nofp\libc_nano.a(libc_a-stdio.o) (_close_r)
D:/Programas/STM32CubeIDE/STM32CubeIDE_1.14.0/STM32CubeIDE/plugins/com.st.stm32cube.ide.mcu.externaltools.gnu-tools-for-stm32.11.3.rel1.win32_1.1.100.202309141235/tools/bin/../lib/gcc/arm-none-eabi/11.3.1/../../../../arm-none-eabi/lib/thumb/v7-m/nofp\libc_nano.a(libc_a-reent.o)
                              D:/Programas/STM32CubeIDE/STM32CubeIDE_1.14.0/STM32CubeIDE/plugins/com.st.stm32cube.ide.mcu.externaltools.gnu-tools-for-stm32.11.3.rel1.win32_1.1.100.202309141235/tools/bin/../lib/gcc/arm-none-eabi/11.3.1/../../../../arm-none-eabi/lib/thumb/v7-m/nofp\libc_nano.a(libc_a-closer.o) (errno)
D:/Programas/STM32CubeIDE/STM32CubeIDE_1.14.0/STM32CubeIDE/plugins/com.st.stm32cube.ide.mcu.externaltools.gnu-tools-for-stm32.11.3.rel1.win32_1.1.100.202309141235/tools/bin/../lib/gcc/arm-none-eabi/11.3.1/../../../../arm-none-eabi/lib/thumb/v7-m/nofp\libc_nano.a(libc_a-impure.o)
                              D:/Programas/STM32CubeIDE/STM32CubeIDE_1.14.0/STM32CubeIDE/plugins/com.st.stm32cube.ide.mcu.externaltools.gnu-tools-for-stm32.11.3.rel1.win32_1.1.100.202309141235/tools/bin/../lib/gcc/arm-none-eabi/11.3.1/../../../../arm-none-eabi/lib/thumb/v7-m/nofp\libc_nano.a(libc_a-reent.o) (_impure_ptr)
[...]
Memory Configuration

Name             Origin             Length             Attributes
RAM              0x0000000020000000 0x0000000000005000 xrw
FLASH            0x0000000008000000 0x0000000000010000 xr
*default*        0x0000000000000000 0xffffffffffffffff

Linker script and memory map

LOAD D:/Programas/STM32CubeIDE/STM32CubeIDE_1.14.0/STM32CubeIDE/plugins/com.st.stm32cube.ide.mcu.externaltools.gnu-tools-for-stm32.11.3.rel1.win32_1.1.100.202309141235/tools/bin/../lib/gcc/arm-none-eabi/11.3.1/thumb/v7-m/nofp/crti.o
LOAD D:/Programas/STM32CubeIDE/STM32CubeIDE_1.14.0/STM32CubeIDE/plugins/com.st.stm32cube.ide.mcu.externaltools.gnu-tools-for-stm32.11.3.rel1.win32_1.1.100.202309141235/tools/bin/../lib/gcc/arm-none-eabi/11.3.1/thumb/v7-m/nofp/crtbegin.o
LOAD D:/Programas/STM32CubeIDE/STM32CubeIDE_1.14.0/STM32CubeIDE/plugins/com.st.stm32cube.ide.mcu.externaltools.gnu-tools-for-stm32.11.3.rel1.win32_1.1.100.202309141235/tools/bin/../lib/gcc/arm-none-eabi/11.3.1/../../../../arm-none-eabi/lib/thumb/v7-m/nofp/crt0.o
LOAD ./Core/Src/blink_control.o
LOAD ./Core/Src/debouncer.o
LOAD ./Core/Src/edge_detector.o
LOAD ./Core/Src/fsm.o
LOAD ./Core/Src/main.o
LOAD ./Core/Src/modulo_semaforo.o
LOAD ./Core/Src/stm32f1xx_hal_msp.o
LOAD ./Core/Src/stm32f1xx_it.o
LOAD ./Core/Src/syscalls.o
LOAD ./Core/Src/sysmem.o
LOAD ./Core/Src/system_stm32f1xx.o
LOAD ./Core/Src/timer.o
LOAD ./Core/Src/timer_period_manager.o
LOAD ./Core/Startup/startup_stm32f103c8tx.o
LOAD ./Drivers/STM32F1xx_HAL_Driver/Src/stm32f1xx_hal.o
LOAD ./Drivers/STM32F1xx_HAL_Driver/Src/stm32f1xx_hal_cortex.o
LOAD ./Drivers/STM32F1xx_HAL_Driver/Src/stm32f1xx_hal_dma.o
LOAD ./Drivers/STM32F1xx_HAL_Driver/Src/stm32f1xx_hal_exti.o
LOAD ./Drivers/STM32F1xx_HAL_Driver/Src/stm32f1xx_hal_flash.o
LOAD ./Drivers/STM32F1xx_HAL_Driver/Src/stm32f1xx_hal_flash_ex.o
LOAD ./Drivers/STM32F1xx_HAL_Driver/Src/stm32f1xx_hal_gpio.o
LOAD ./Drivers/STM32F1xx_HAL_Driver/Src/stm32f1xx_hal_gpio_ex.o
LOAD ./Drivers/STM32F1xx_HAL_Driver/Src/stm32f1xx_hal_pwr.o
LOAD ./Drivers/STM32F1xx_HAL_Driver/Src/stm32f1xx_hal_rcc.o
LOAD ./Drivers/STM32F1xx_HAL_Driver/Src/stm32f1xx_hal_rcc_ex.o
LOAD ./Drivers/STM32F1xx_HAL_Driver/Src/stm32f1xx_hal_tim.o
LOAD ./Drivers/STM32F1xx_HAL_Driver/Src/stm32f1xx_hal_tim_ex.o
START GROUP
LOAD D:/Programas/STM32CubeIDE/STM32CubeIDE_1.14.0/STM32CubeIDE/plugins/com.st.stm32cube.ide.mcu.externaltools.gnu-tools-for-stm32.11.3.rel1.win32_1.1.100.202309141235/tools/bin/../lib/gcc/arm-none-eabi/11.3.1/../../../../arm-none-eabi/lib/thumb/v7-m/nofp\libc_nano.a
LOAD D:/Programas/STM32CubeIDE/STM32CubeIDE_1.14.0/STM32CubeIDE/plugins/com.st.stm32cube.ide.mcu.externaltools.gnu-tools-for-stm32.11.3.rel1.win32_1.1.100.202309141235/tools/bin/../lib/gcc/arm-none-eabi/11.3.1/../../../../arm-none-eabi/lib/thumb/v7-m/nofp\libm.a
END GROUP
START GROUP
LOAD D:/Programas/STM32CubeIDE/STM32CubeIDE_1.14.0/STM32CubeIDE/plugins/com.st.stm32cube.ide.mcu.externaltools.gnu-tools-for-stm32.11.3.rel1.win32_1.1.100.202309141235/tools/bin/../lib/gcc/arm-none-eabi/11.3.1/thumb/v7-m/nofp\libgcc.a
LOAD D:/Programas/STM32CubeIDE/STM32CubeIDE_1.14.0/STM32CubeIDE/plugins/com.st.stm32cube.ide.mcu.externaltools.gnu-tools-for-stm32.11.3.rel1.win32_1.1.100.202309141235/tools/bin/../lib/gcc/arm-none-eabi/11.3.1/../../../../arm-none-eabi/lib/thumb/v7-m/nofp\libc_nano.a
END GROUP
START GROUP
LOAD D:/Programas/STM32CubeIDE/STM32CubeIDE_1.14.0/STM32CubeIDE/plugins/com.st.stm32cube.ide.mcu.externaltools.gnu-tools-for-stm32.11.3.rel1.win32_1.1.100.202309141235/tools/bin/../lib/gcc/arm-none-eabi/11.3.1/thumb/v7-m/nofp\libgcc.a
LOAD D:/Programas/STM32CubeIDE/STM32CubeIDE_1.14.0/STM32CubeIDE/plugins/com.st.stm32cube.ide.mcu.externaltools.gnu-tools-for-stm32.11.3.rel1.win32_1.1.100.202309141235/tools/bin/../lib/gcc/arm-none-eabi/11.3.1/../../../../arm-none-eabi/lib/thumb/v7-m/nofp\libc_nano.a
LOAD D:/Programas/STM32CubeIDE/STM32CubeIDE_1.14.0/STM32CubeIDE/plugins/com.st.stm32cube.ide.mcu.externaltools.gnu-tools-for-stm32.11.3.rel1.win32_1.1.100.202309141235/tools/bin/../lib/gcc/arm-none-eabi/11.3.1/../../../../arm-none-eabi/lib/thumb/v7-m/nofp\libnosys.a
END GROUP
START GROUP
LOAD D:/Programas/STM32CubeIDE/STM32CubeIDE_1.14.0/STM32CubeIDE/plugins/com.st.stm32cube.ide.mcu.externaltools.gnu-tools-for-stm32.11.3.rel1.win32_1.1.100.202309141235/tools/bin/../lib/gcc/arm-none-eabi/11.3.1/thumb/v7-m/nofp\libgcc.a
LOAD D:/Programas/STM32CubeIDE/STM32CubeIDE_1.14.0/STM32CubeIDE/plugins/com.st.stm32cube.ide.mcu.externaltools.gnu-tools-for-stm32.11.3.rel1.win32_1.1.100.202309141235/tools/bin/../lib/gcc/arm-none-eabi/11.3.1/../../../../arm-none-eabi/lib/thumb/v7-m/nofp\libc_nano.a
LOAD D:/Programas/STM32CubeIDE/STM32CubeIDE_1.14.0/STM32CubeIDE/plugins/com.st.stm32cube.ide.mcu.externaltools.gnu-tools-for-stm32.11.3.rel1.win32_1.1.100.202309141235/tools/bin/../lib/gcc/arm-none-eabi/11.3.1/../../../../arm-none-eabi/lib/thumb/v7-m/nofp\libnosys.a
END GROUP
LOAD D:/Programas/STM32CubeIDE/STM32CubeIDE_1.14.0/STM32CubeIDE/plugins/com.st.stm32cube.ide.mcu.externaltools.gnu-tools-for-stm32.11.3.rel1.win32_1.1.100.202309141235/tools/bin/../lib/gcc/arm-none-eabi/11.3.1/thumb/v7-m/nofp/crtend.o
LOAD D:/Programas/STM32CubeIDE/STM32CubeIDE_1.14.0/STM32CubeIDE/plugins/com.st.stm32cube.ide.mcu.externaltools.gnu-tools-for-stm32.11.3.rel1.win32_1.1.100.202309141235/tools/bin/../lib/gcc/arm-none-eabi/11.3.1/thumb/v7-m/nofp/crtn.o
                0x0000000020005000                _estack = (ORIGIN (RAM) + LENGTH (RAM))
                0x0000000000000200                _Min_Heap_Size = 0x200
                0x0000000000000400                _Min_Stack_Size = 0x400

.isr_vector     0x0000000008000000      0x10c
                0x0000000008000000                . = ALIGN (0x4)
 *(.isr_vector)
 .isr_vector    0x0000000008000000      0x10c ./Core/Startup/startup_stm32f103c8tx.o
                0x0000000008000000                g_pfnVectors
                0x000000000800010c                . = ALIGN (0x4)

.text           0x000000000800010c     0x1774
                0x000000000800010c                . = ALIGN (0x4)
 *(.text)
 .text          0x000000000800010c       0x40 D:/Programas/STM32CubeIDE/STM32CubeIDE_1.14.0/STM32CubeIDE/plugins/com.st.stm32cube.ide.mcu.externaltools.gnu-tools-for-stm32.11.3.rel1.win32_1.1.100.202309141235/tools/bin/../lib/gcc/arm-none-eabi/11.3.1/thumb/v7-m/nofp/crtbegin.o
 *(.text*)
 .text.timer_expired
                0x000000000800014c       0x20 ./Core/Src/blink_control.o
 .text.on_state_led_off
                0x000000000800016c       0x2e ./Core/Src/blink_control.o
                0x000000000800016c                on_state_led_off
 .text.on_state_led_on
                0x000000000800019a       0x2e ./Core/Src/blink_control.o
                0x000000000800019a                on_state_led_on
 .text.blink_control_init
                0x00000000080001c8       0x40 ./Core/Src/blink_control.o
                0x00000000080001c8                blink_control_init
 .text.blink_control_update
                0x0000000008000208       0x18 ./Core/Src/blink_control.o
                0x0000000008000208                blink_control_update
 .text.is_button_pressed
                0x0000000008000220       0x30 ./Core/Src/debouncer.o
 .text.is_button_pressed_and_timer_expired
                0x0000000008000250       0x40 ./Core/Src/debouncer.o
 .text.is_button_released_and_timer_expired
                0x0000000008000290       0x40 ./Core/Src/debouncer.o
 .text.on_state_pressed
                0x00000000080002d0       0x20 ./Core/Src/debouncer.o
                0x00000000080002d0                on_state_pressed
 .text.on_state_released
                0x00000000080002f0       0x20 ./Core/Src/debouncer.o
                0x00000000080002f0                on_state_released
 .text.debounced_switch_init
                0x0000000008000310       0x40 ./Core/Src/debouncer.o
                0x0000000008000310                debounced_switch_init
 .text.get_debounced_switch_state
                0x0000000008000350       0x20 ./Core/Src/debouncer.o
                0x0000000008000350                get_debounced_switch_state
 .text.is_high  0x0000000008000370       0x2a ./Core/Src/edge_detector.o
 .text.is_low   0x000000000800039a       0x2a ./Core/Src/edge_detector.o
 .text.on_state_idle_high
                0x00000000080003c4       0x12 ./Core/Src/edge_detector.o
                0x00000000080003c4                on_state_idle_high
 .text.on_state_idle_low
                0x00000000080003d6       0x12 ./Core/Src/edge_detector.o
                0x00000000080003d6                on_state_idle_low
 .text.on_state_rising_edge
                0x00000000080003e8       0x12 ./Core/Src/edge_detector.o
                0x00000000080003e8                on_state_rising_edge
 .text.on_state_falling_edge
                0x00000000080003fa       0x12 ./Core/Src/edge_detector.o
                0x00000000080003fa                on_state_falling_edge
 .text.edge_detector_init
                0x000000000800040c       0x28 ./Core/Src/edge_detector.o
                0x000000000800040c                edge_detector_init
 .text.fsm_init
                0x0000000008000434       0x2a ./Core/Src/fsm.o
                0x0000000008000434                fsm_init
 .text.fsm_update
                0x000000000800045e       0xa4 ./Core/Src/fsm.o
                0x000000000800045e                fsm_update
 *fill*         0x0000000008000502        0x2 
 .text.main     0x0000000008000504       0x44 ./Core/Src/main.o
                0x0000000008000504                main
 .text.SystemClock_Config
                0x0000000008000548       0x8a ./Core/Src/main.o
                0x0000000008000548                SystemClock_Config
 *fill*         0x00000000080005d2        0x2 
 .text.MX_GPIO_Init
                0x00000000080005d4       0xf4 ./Core/Src/main.o
 .text.Error_Handler
                0x00000000080006c8        0xa ./Core/Src/main.o
                0x00000000080006c8                Error_Handler
 .text.condicion_estado1_a_estado2
                0x00000000080006d2       0x32 ./Core/Src/modulo_semaforo.o
 .text.condicion_estado2_a_estado3
                0x0000000008000704       0x20 ./Core/Src/modulo_semaforo.o
 .text.condicion_estado3_a_estado4
                0x0000000008000724       0x20 ./Core/Src/modulo_semaforo.o
 .text.condicion_estado4_a_estado1
                0x0000000008000744       0x20 ./Core/Src/modulo_semaforo.o
 .text.on_state_estado1
                0x0000000008000764       0x36 ./Core/Src/modulo_semaforo.o
                0x0000000008000764                on_state_estado1
 .text.on_state_estado2
                0x000000000800079a       0x22 ./Core/Src/modulo_semaforo.o
                0x000000000800079a                on_state_estado2
 .text.on_state_estado3
                0x00000000080007bc       0x44 ./Core/Src/modulo_semaforo.o
                0x00000000080007bc                on_state_estado3
 .text.on_state_estado4
                0x0000000008000800       0x22 ./Core/Src/modulo_semaforo.o
                0x0000000008000800                on_state_estado4
 *fill*         0x0000000008000822        0x2 
 .text.modulo_semaforo_init
                0x0000000008000824       0x90 ./Core/Src/modulo_semaforo.o
                0x0000000008000824                modulo_semaforo_init
 .text.modulo_semaforo_update
                0x00000000080008b4       0x3c ./Core/Src/modulo_semaforo.o
                0x00000000080008b4                modulo_semaforo_update
 .text.HAL_MspInit
                0x00000000080008f0       0x64 ./Core/Src/stm32f1xx_hal_msp.o
                0x00000000080008f0                HAL_MspInit
 .text.NMI_Handler
                0x0000000008000954        0x6 ./Core/Src/stm32f1xx_it.o
                0x0000000008000954                NMI_Handler
 .text.HardFault_Handler
                0x000000000800095a        0x6 ./Core/Src/stm32f1xx_it.o
                0x000000000800095a                HardFault_Handler
 .text.MemManage_Handler
                0x0000000008000960        0x6 ./Core/Src/stm32f1xx_it.o
                0x0000000008000960                MemManage_Handler
 .text.BusFault_Handler
                0x0000000008000966        0x6 ./Core/Src/stm32f1xx_it.o
                0x0000000008000966                BusFault_Handler
 .text.UsageFault_Handler
                0x000000000800096c        0x6 ./Core/Src/stm32f1xx_it.o
                0x000000000800096c                UsageFault_Handler
 .text.SVC_Handler
                0x0000000008000972        0xc ./Core/Src/stm32f1xx_it.o
                0x0000000008000972                SVC_Handler
 .text.DebugMon_Handler
                0x000000000800097e        0xc ./Core/Src/stm32f1xx_it.o
                0x000000000800097e                DebugMon_Handler
 .text.PendSV_Handler
                0x000000000800098a        0xc ./Core/Src/stm32f1xx_it.o
                0x000000000800098a                PendSV_Handler
 .text.SysTick_Handler
                0x0000000008000996        0xc ./Core/Src/stm32f1xx_it.o
                0x0000000008000996                SysTick_Handler
 .text.SystemInit
                0x00000000080009a2        0xc ./Core/Src/system_stm32f1xx.o
                0x00000000080009a2                SystemInit
 .text.timer_start
                0x00000000080009ae       0x22 ./Core/Src/timer.o
                0x00000000080009ae                timer_start
 .text.timer_restart
                0x00000000080009d0       0x1a ./Core/Src/timer.o
                0x00000000080009d0                timer_restart
 .text.timer_has_expired
                0x00000000080009ea       0x2a ./Core/Src/timer.o
                0x00000000080009ea                timer_has_expired
 .text.Reset_Handler
                0x0000000008000a14       0x48 ./Core/Startup/startup_stm32f103c8tx.o
                0x0000000008000a14                Reset_Handler
 .text.Default_Handler
                0x0000000008000a5c        0x2 ./Core/Startup/startup_stm32f103c8tx.o
                0x0000000008000a5c                RTC_Alarm_IRQHandler
                0x0000000008000a5c                EXTI2_IRQHandler
                0x0000000008000a5c                TIM1_CC_IRQHandler
                0x0000000008000a5c                PVD_IRQHandler
                0x0000000008000a5c                EXTI3_IRQHandler
                0x0000000008000a5c                EXTI0_IRQHandler
                0x0000000008000a5c                I2C2_EV_IRQHandler
                0x0000000008000a5c                ADC1_2_IRQHandler
                0x0000000008000a5c                SPI1_IRQHandler
                0x0000000008000a5c                TAMPER_IRQHandler
                0x0000000008000a5c                DMA1_Channel4_IRQHandler
                0x0000000008000a5c                USART3_IRQHandler
                0x0000000008000a5c                RTC_IRQHandler
                0x0000000008000a5c                DMA1_Channel7_IRQHandler
                0x0000000008000a5c                CAN1_RX1_IRQHandler
                0x0000000008000a5c                TIM4_IRQHandler
                0x0000000008000a5c                I2C1_EV_IRQHandler
                0x0000000008000a5c                DMA1_Channel6_IRQHandler
                0x0000000008000a5c                TIM3_IRQHandler
                0x0000000008000a5c                RCC_IRQHandler
                0x0000000008000a5c                TIM1_TRG_COM_IRQHandler
                0x0000000008000a5c                DMA1_Channel1_IRQHandler
                0x0000000008000a5c                Default_Handler
                0x0000000008000a5c                EXTI15_10_IRQHandler
                0x0000000008000a5c                EXTI9_5_IRQHandler
                0x0000000008000a5c                SPI2_IRQHandler
                0x0000000008000a5c                DMA1_Channel5_IRQHandler
                0x0000000008000a5c                EXTI4_IRQHandler
                0x0000000008000a5c                USB_LP_CAN1_RX0_IRQHandler
                0x0000000008000a5c                USB_HP_CAN1_TX_IRQHandler
                0x0000000008000a5c                DMA1_Channel3_IRQHandler
                0x0000000008000a5c                TIM1_UP_IRQHandler
                0x0000000008000a5c                WWDG_IRQHandler
                0x0000000008000a5c                TIM2_IRQHandler
                0x0000000008000a5c                TIM1_BRK_IRQHandler
                0x0000000008000a5c                EXTI1_IRQHandler
                0x0000000008000a5c                USART2_IRQHandler
                0x0000000008000a5c                I2C2_ER_IRQHandler
                0x0000000008000a5c                DMA1_Channel2_IRQHandler
                0x0000000008000a5c                CAN1_SCE_IRQHandler
                0x0000000008000a5c                FLASH_IRQHandler
                0x0000000008000a5c                USART1_IRQHandler
                0x0000000008000a5c                I2C1_ER_IRQHandler
                0x0000000008000a5c                USBWakeUp_IRQHandler
 *fill*         0x0000000008000a5e        0x2 
 .text.HAL_Init
                0x0000000008000a60       0x2c ./Drivers/STM32F1xx_HAL_Driver/Src/stm32f1xx_hal.o
                0x0000000008000a60                HAL_Init
 .text.HAL_InitTick
                0x0000000008000a8c       0x60 ./Drivers/STM32F1xx_HAL_Driver/Src/stm32f1xx_hal.o
                0x0000000008000a8c                HAL_InitTick
 .text.HAL_IncTick
                0x0000000008000aec       0x24 ./Drivers/STM32F1xx_HAL_Driver/Src/stm32f1xx_hal.o
                0x0000000008000aec                HAL_IncTick
 .text.HAL_GetTick
                0x0000000008000b10       0x14 ./Drivers/STM32F1xx_HAL_Driver/Src/stm32f1xx_hal.o
                0x0000000008000b10                HAL_GetTick
 .text.__NVIC_SetPriorityGrouping
                0x0000000008000b24       0x48 ./Drivers/STM32F1xx_HAL_Driver/Src/stm32f1xx_hal_cortex.o
 .text.__NVIC_GetPriorityGrouping
                0x0000000008000b6c       0x1c ./Drivers/STM32F1xx_HAL_Driver/Src/stm32f1xx_hal_cortex.o
 .text.__NVIC_SetPriority
                0x0000000008000b88       0x54 ./Drivers/STM32F1xx_HAL_Driver/Src/stm32f1xx_hal_cortex.o
 .text.NVIC_EncodePriority
                0x0000000008000bdc       0x64 ./Drivers/STM32F1xx_HAL_Driver/Src/stm32f1xx_hal_cortex.o
 .text.SysTick_Config
                0x0000000008000c40       0x44 ./Drivers/STM32F1xx_HAL_Driver/Src/stm32f1xx_hal_cortex.o
 .text.HAL_NVIC_SetPriorityGrouping
                0x0000000008000c84       0x16 ./Drivers/STM32F1xx_HAL_Driver/Src/stm32f1xx_hal_cortex.o
                0x0000000008000c84                HAL_NVIC_SetPriorityGrouping
 .text.HAL_NVIC_SetPriority
                0x0000000008000c9a       0x38 ./Drivers/STM32F1xx_HAL_Driver/Src/stm32f1xx_hal_cortex.o
                0x0000000008000c9a                HAL_NVIC_SetPriority
 .text.HAL_SYSTICK_Config
                0x0000000008000cd2       0x18 ./Drivers/STM32F1xx_HAL_Driver/Src/stm32f1xx_hal_cortex.o
                0x0000000008000cd2                HAL_SYSTICK_Config
 *fill*         0x0000000008000cea        0x2 
 .text.HAL_GPIO_Init
                0x0000000008000cec      0x308 ./Drivers/STM32F1xx_HAL_Driver/Src/stm32f1xx_hal_gpio.o
                0x0000000008000cec                HAL_GPIO_Init
 .text.HAL_GPIO_ReadPin
                0x0000000008000ff4       0x2e ./Drivers/STM32F1xx_HAL_Driver/Src/stm32f1xx_hal_gpio.o
                0x0000000008000ff4                HAL_GPIO_ReadPin
 .text.HAL_GPIO_WritePin
                0x0000000008001022       0x30 ./Drivers/STM32F1xx_HAL_Driver/Src/stm32f1xx_hal_gpio.o
                0x0000000008001022                HAL_GPIO_WritePin
 *fill*         0x0000000008001052        0x2 
 .text.HAL_RCC_OscConfig
                0x0000000008001054      0x504 ./Drivers/STM32F1xx_HAL_Driver/Src/stm32f1xx_hal_rcc.o
                0x0000000008001054                HAL_RCC_OscConfig
 .text.HAL_RCC_ClockConfig
                0x0000000008001558      0x1d4 ./Drivers/STM32F1xx_HAL_Driver/Src/stm32f1xx_hal_rcc.o
                0x0000000008001558                HAL_RCC_ClockConfig
 .text.HAL_RCC_GetSysClockFreq
                0x000000000800172c       0xa8 ./Drivers/STM32F1xx_HAL_Driver/Src/stm32f1xx_hal_rcc.o
                0x000000000800172c                HAL_RCC_GetSysClockFreq
 .text.RCC_Delay
                0x00000000080017d4       0x3c ./Drivers/STM32F1xx_HAL_Driver/Src/stm32f1xx_hal_rcc.o
 .text.memset   0x0000000008001810       0x10 D:/Programas/STM32CubeIDE/STM32CubeIDE_1.14.0/STM32CubeIDE/plugins/com.st.stm32cube.ide.mcu.externaltools.gnu-tools-for-stm32.11.3.rel1.win32_1.1.100.202309141235/tools/bin/../lib/gcc/arm-none-eabi/11.3.1/../../../../arm-none-eabi/lib/thumb/v7-m/nofp\libc_nano.a(libc_a-memset.o)
                0x0000000008001810                memset
 .text.__libc_init_array
                0x0000000008001820       0x48 D:/Programas/STM32CubeIDE/STM32CubeIDE_1.14.0/STM32CubeIDE/plugins/com.st.stm32cube.ide.mcu.externaltools.gnu-tools-for-stm32.11.3.rel1.win32_1.1.100.202309141235/tools/bin/../lib/gcc/arm-none-eabi/11.3.1/../../../../arm-none-eabi/lib/thumb/v7-m/nofp\libc_nano.a(libc_a-init.o)
                0x0000000008001820                __libc_init_array
 *(.glue_7)
 .glue_7        0x0000000008001868        0x0 linker stubs
 *(.glue_7t)
 .glue_7t       0x0000000008001868        0x0 linker stubs
 *(.eh_frame)
 .eh_frame      0x0000000008001868        0x0 D:/Programas/STM32CubeIDE/STM32CubeIDE_1.14.0/STM32CubeIDE/plugins/com.st.stm32cube.ide.mcu.externaltools.gnu-tools-for-stm32.11.3.rel1.win32_1.1.100.202309141235/tools/bin/../lib/gcc/arm-none-eabi/11.3.1/thumb/v7-m/nofp/crtbegin.o
 *(.init)
 .init          0x0000000008001868        0x4 D:/Programas/STM32CubeIDE/STM32CubeIDE_1.14.0/STM32CubeIDE/plugins/com.st.stm32cube.ide.mcu.externaltools.gnu-tools-for-stm32.11.3.rel1.win32_1.1.100.202309141235/tools/bin/../lib/gcc/arm-none-eabi/11.3.1/thumb/v7-m/nofp/crti.o
                0x0000000008001868                _init
 .init          0x000000000800186c        0x8 D:/Programas/STM32CubeIDE/STM32CubeIDE_1.14.0/STM32CubeIDE/plugins/com.st.stm32cube.ide.mcu.externaltools.gnu-tools-for-stm32.11.3.rel1.win32_1.1.100.202309141235/tools/bin/../lib/gcc/arm-none-eabi/11.3.1/thumb/v7-m/nofp/crtn.o
 *(.fini)
 .fini          0x0000000008001874        0x4 D:/Programas/STM32CubeIDE/STM32CubeIDE_1.14.0/STM32CubeIDE/plugins/com.st.stm32cube.ide.mcu.externaltools.gnu-tools-for-stm32.11.3.rel1.win32_1.1.100.202309141235/tools/bin/../lib/gcc/arm-none-eabi/11.3.1/thumb/v7-m/nofp/crti.o
                0x0000000008001874                _fini
 .fini          0x0000000008001878        0x8 D:/Programas/STM32CubeIDE/STM32CubeIDE_1.14.0/STM32CubeIDE/plugins/com.st.stm32cube.ide.mcu.externaltools.gnu-tools-for-stm32.11.3.rel1.win32_1.1.100.202309141235/tools/bin/../lib/gcc/arm-none-eabi/11.3.1/thumb/v7-m/nofp/crtn.o
                0x0000000008001880                . = ALIGN (0x4)
                0x0000000008001880                _etext = .

.vfp11_veneer   0x0000000008001880        0x0
 .vfp11_veneer  0x0000000008001880        0x0 linker stubs

.v4_bx          0x0000000008001880        0x0
 .v4_bx         0x0000000008001880        0x0 linker stubs

.iplt           0x0000000008001880        0x0
 .iplt          0x0000000008001880        0x0 D:/Programas/STM32CubeIDE/STM32CubeIDE_1.14.0/STM32CubeIDE/plugins/com.st.stm32cube.ide.mcu.externaltools.gnu-tools-for-stm32.11.3.rel1.win32_1.1.100.202309141235/tools/bin/../lib/gcc/arm-none-eabi/11.3.1/thumb/v7-m/nofp/crtbegin.o

.rodata         0x0000000008001880       0x24
                0x0000000008001880                . = ALIGN (0x4)
 *(.rodata)
 *(.rodata*)
 .rodata.AHBPrescTable
                0x0000000008001880       0x10 ./Core/Src/system_stm32f1xx.o
                0x0000000008001880                AHBPrescTable
 .rodata.aPLLMULFactorTable.1
                0x0000000008001890       0x10 ./Drivers/STM32F1xx_HAL_Driver/Src/stm32f1xx_hal_rcc.o
 .rodata.aPredivFactorTable.0
                0x00000000080018a0        0x2 ./Drivers/STM32F1xx_HAL_Driver/Src/stm32f1xx_hal_rcc.o
                0x00000000080018a4                . = ALIGN (0x4)
 *fill*         0x00000000080018a2        0x2 

.rel.dyn        0x00000000080018a4        0x0
 .rel.iplt      0x00000000080018a4        0x0 D:/Programas/STM32CubeIDE/STM32CubeIDE_1.14.0/STM32CubeIDE/plugins/com.st.stm32cube.ide.mcu.externaltools.gnu-tools-for-stm32.11.3.rel1.win32_1.1.100.202309141235/tools/bin/../lib/gcc/arm-none-eabi/11.3.1/thumb/v7-m/nofp/crtbegin.o

.ARM.extab      0x00000000080018a4        0x0
                0x00000000080018a4                . = ALIGN (0x4)
 *(.ARM.extab* .gnu.linkonce.armextab.*)
                0x00000000080018a4                . = ALIGN (0x4)

.ARM            0x00000000080018a4        0x0
                0x00000000080018a4                . = ALIGN (0x4)
                0x00000000080018a4                __exidx_start = .
 *(.ARM.exidx*)
                0x00000000080018a4                __exidx_end = .
                0x00000000080018a4                . = ALIGN (0x4)

.preinit_array  0x00000000080018a4        0x0
                0x00000000080018a4                . = ALIGN (0x4)
                0x00000000080018a4                PROVIDE (__preinit_array_start = .)
 *(.preinit_array*)
                0x00000000080018a4                PROVIDE (__preinit_array_end = .)
                0x00000000080018a4                . = ALIGN (0x4)

.init_array     0x00000000080018a4        0x4
                0x00000000080018a4                . = ALIGN (0x4)
                0x00000000080018a4                PROVIDE (__init_array_start = .)
 *(SORT_BY_NAME(.init_array.*))
 *(.init_array*)
 .init_array    0x00000000080018a4        0x4 D:/Programas/STM32CubeIDE/STM32CubeIDE_1.14.0/STM32CubeIDE/plugins/com.st.stm32cube.ide.mcu.externaltools.gnu-tools-for-stm32.11.3.rel1.win32_1.1.100.202309141235/tools/bin/../lib/gcc/arm-none-eabi/11.3.1/thumb/v7-m/nofp/crtbegin.o
                0x00000000080018a8                PROVIDE (__init_array_end = .)
                0x00000000080018a8                . = ALIGN (0x4)

.fini_array     0x00000000080018a8        0x4
                0x00000000080018a8                . = ALIGN (0x4)
                [!provide]                        PROVIDE (__fini_array_start = .)
 *(SORT_BY_NAME(.fini_array.*))
 *(.fini_array*)
 .fini_array    0x00000000080018a8        0x4 D:/Programas/STM32CubeIDE/STM32CubeIDE_1.14.0/STM32CubeIDE/plugins/com.st.stm32cube.ide.mcu.externaltools.gnu-tools-for-stm32.11.3.rel1.win32_1.1.100.202309141235/tools/bin/../lib/gcc/arm-none-eabi/11.3.1/thumb/v7-m/nofp/crtbegin.o
                [!provide]                        PROVIDE (__fini_array_end = .)
                0x00000000080018ac                . = ALIGN (0x4)
                0x00000000080018ac                _sidata = LOADADDR (.data)

.data           0x0000000020000000      0x120 load address 0x00000000080018ac
                0x0000000020000000                . = ALIGN (0x4)
                0x0000000020000000                _sdata = .
 *(.data)
 *(.data*)
 .data.LEDOffTransitions
                0x0000000020000000        0x8 ./Core/Src/blink_control.o
 .data.LEDOnTransitions
                0x0000000020000008        0x8 ./Core/Src/blink_control.o
 .data.BlinkFSMStates
                0x0000000020000010       0x18 ./Core/Src/blink_control.o
 .data.IdleTransitions
                0x0000000020000028        0x8 ./Core/Src/debouncer.o
 .data.PressedTransitions
                0x0000000020000030        0x8 ./Core/Src/debouncer.o
 .data.ReleasedTransitions
                0x0000000020000038        0x8 ./Core/Src/debouncer.o
 .data.DebouncedSwitchFSM
                0x0000000020000040       0x24 ./Core/Src/debouncer.o
 .data.IdleHighTransitions
                0x0000000020000064        0x8 ./Core/Src/edge_detector.o
 .data.IdleLowTransitions
                0x000000002000006c        0x8 ./Core/Src/edge_detector.o
 .data.RisingEdgeTransitions
                0x0000000020000074       0x10 ./Core/Src/edge_detector.o
 .data.FallingEdgeTransitions
                0x0000000020000084       0x10 ./Core/Src/edge_detector.o
 .data.EdgeFSMStates
                0x0000000020000094       0x30 ./Core/Src/edge_detector.o
 .data.Estado1Transitions
                0x00000000200000c4        0x8 ./Core/Src/modulo_semaforo.o
 .data.Estado2Transitions
                0x00000000200000cc        0x8 ./Core/Src/modulo_semaforo.o
 .data.Estado3Transitions
                0x00000000200000d4        0x8 ./Core/Src/modulo_semaforo.o
 .data.Estado4Transitions
                0x00000000200000dc        0x8 ./Core/Src/modulo_semaforo.o
 .data.ModuloSemaforoEstados
                0x00000000200000e4       0x30 ./Core/Src/modulo_semaforo.o
 .data.SystemCoreClock
                0x0000000020000114        0x4 ./Core/Src/system_stm32f1xx.o
                0x0000000020000114                SystemCoreClock
 .data.uwTickPrio
                0x0000000020000118        0x4 ./Drivers/STM32F1xx_HAL_Driver/Src/stm32f1xx_hal.o
                0x0000000020000118                uwTickPrio
 .data.uwTickFreq
                0x000000002000011c        0x1 ./Drivers/STM32F1xx_HAL_Driver/Src/stm32f1xx_hal.o
                0x000000002000011c                uwTickFreq
 *(.RamFunc)
 *(.RamFunc*)
                0x0000000020000120                . = ALIGN (0x4)
 *fill*         0x000000002000011d        0x3 
                0x0000000020000120                _edata = .

.igot.plt       0x0000000020000120        0x0 load address 0x00000000080019cc
 .igot.plt      0x0000000020000120        0x0 D:/Programas/STM32CubeIDE/STM32CubeIDE_1.14.0/STM32CubeIDE/plugins/com.st.stm32cube.ide.mcu.externaltools.gnu-tools-for-stm32.11.3.rel1.win32_1.1.100.202309141235/tools/bin/../lib/gcc/arm-none-eabi/11.3.1/thumb/v7-m/nofp/crtbegin.o
                0x0000000020000120                . = ALIGN (0x4)

.bss            0x0000000020000120       0x98 load address 0x00000000080019cc
                0x0000000020000120                _sbss = .
                0x0000000020000120                __bss_start__ = _sbss
 *(.bss)
 .bss           0x0000000020000120       0x1c D:/Programas/STM32CubeIDE/STM32CubeIDE_1.14.0/STM32CubeIDE/plugins/com.st.stm32cube.ide.mcu.externaltools.gnu-tools-for-stm32.11.3.rel1.win32_1.1.100.202309141235/tools/bin/../lib/gcc/arm-none-eabi/11.3.1/thumb/v7-m/nofp/crtbegin.o
 *(.bss*)
 .bss.semaforo  0x000000002000013c       0x78 ./Core/Src/main.o
                0x000000002000013c                semaforo
 .bss.uwTick    0x00000000200001b4        0x4 ./Drivers/STM32F1xx_HAL_Driver/Src/stm32f1xx_hal.o
                0x00000000200001b4                uwTick
 *(COMMON)
                0x00000000200001b8                . = ALIGN (0x4)
                0x00000000200001b8                _ebss = .
                0x00000000200001b8                __bss_end__ = _ebss

._user_heap_stack
                0x00000000200001b8      0x600 load address 0x00000000080019cc
                0x00000000200001b8                . = ALIGN (0x8)
                [!provide]                        PROVIDE (end = .)
                0x00000000200001b8                PROVIDE (_end = .)
                0x00000000200003b8                . = (. + _Min_Heap_Size)
 *fill*         0x00000000200001b8      0x200 
                0x00000000200007b8                . = (. + _Min_Stack_Size)
 *fill*         0x00000000200003b8      0x400 
                0x00000000200007b8                . = ALIGN (0x8)

/DISCARD/
 libc.a(*)
 libm.a(*)
 libgcc.a(*)

.ARM.attributes
                0x0000000000000000       0x29
 *(.ARM.attributes)
 .ARM.attributes
                0x0000000000000000       0x1d D:/Programas/STM32CubeIDE/STM32CubeIDE_1.14.0/STM32CubeIDE/plugins/com.st.stm32cube.ide.mcu.externaltools.gnu-tools-for-stm32.11.3.rel1.win32_1.1.100.202309141235/tools/bin/../lib/gcc/arm-none-eabi/11.3.1/thumb/v7-m/nofp/crti.o
 .ARM.attributes
                0x000000000000001d       0x2d D:/Programas/STM32CubeIDE/STM32CubeIDE_1.14.0/STM32CubeIDE/plugins/com.st.stm32cube.ide.mcu.externaltools.gnu-tools-for-stm32.11.3.rel1.win32_1.1.100.202309141235/tools/bin/../lib/gcc/arm-none-eabi/11.3.1/thumb/v7-m/nofp/crtbegin.o
 .ARM.attributes
                0x000000000000004a       0x2d ./Core/Src/blink_control.o
 .ARM.attributes
                0x0000000000000077       0x2d ./Core/Src/debouncer.o
 .ARM.attributes
                0x00000000000000a4       0x2d ./Core/Src/edge_detector.o
 .ARM.attributes
                0x00000000000000d1       0x2d ./Core/Src/fsm.o
 .ARM.attributes
                0x00000000000000fe       0x2d ./Core/Src/main.o
 .ARM.attributes
                0x000000000000012b       0x2d ./Core/Src/modulo_semaforo.o
 .ARM.attributes
                0x0000000000000158       0x2d ./Core/Src/stm32f1xx_hal_msp.o
 .ARM.attributes
                0x0000000000000185       0x2d ./Core/Src/stm32f1xx_it.o
 .ARM.attributes
                0x00000000000001b2       0x2d ./Core/Src/system_stm32f1xx.o
 .ARM.attributes
                0x00000000000001df       0x2d ./Core/Src/timer.o
 .ARM.attributes
                0x000000000000020c       0x21 ./Core/Startup/startup_stm32f103c8tx.o
 .ARM.attributes
                0x000000000000022d       0x2d ./Drivers/STM32F1xx_HAL_Driver/Src/stm32f1xx_hal.o
 .ARM.attributes
                0x000000000000025a       0x2d ./Drivers/STM32F1xx_HAL_Driver/Src/stm32f1xx_hal_cortex.o
 .ARM.attributes
                0x0000000000000287       0x2d ./Drivers/STM32F1xx_HAL_Driver/Src/stm32f1xx_hal_gpio.o
 .ARM.attributes
                0x00000000000002b4       0x2d ./Drivers/STM32F1xx_HAL_Driver/Src/stm32f1xx_hal_rcc.o
 .ARM.attributes
                0x00000000000002e1       0x2d D:/Programas/STM32CubeIDE/STM32CubeIDE_1.14.0/STM32CubeIDE/plugins/com.st.stm32cube.ide.mcu.externaltools.gnu-tools-for-stm32.11.3.rel1.win32_1.1.100.202309141235/tools/bin/../lib/gcc/arm-none-eabi/11.3.1/../../../../arm-none-eabi/lib/thumb/v7-m/nofp\libc_nano.a(libc_a-memset.o)
 .ARM.attributes
                0x000000000000030e       0x2d D:/Programas/STM32CubeIDE/STM32CubeIDE_1.14.0/STM32CubeIDE/plugins/com.st.stm32cube.ide.mcu.externaltools.gnu-tools-for-stm32.11.3.rel1.win32_1.1.100.202309141235/tools/bin/../lib/gcc/arm-none-eabi/11.3.1/../../../../arm-none-eabi/lib/thumb/v7-m/nofp\libc_nano.a(libc_a-init.o)
 .ARM.attributes
                0x000000000000033b       0x1d D:/Programas/STM32CubeIDE/STM32CubeIDE_1.14.0/STM32CubeIDE/plugins/com.st.stm32cube.ide.mcu.externaltools.gnu-tools-for-stm32.11.3.rel1.win32_1.1.100.202309141235/tools/bin/../lib/gcc/arm-none-eabi/11.3.1/thumb/v7-m/nofp/crtn.o
OUTPUT(PSM2_Taller5.elf elf32-littlearm)
LOAD linker stubs
LOAD D:/Programas/STM32CubeIDE/STM32CubeIDE_1.14.0/STM32CubeIDE/plugins/com.st.stm32cube.ide.mcu.externaltools.gnu-tools-for-stm32.11.3.rel1.win32_1.1.100.202309141235/tools/bin/../lib/gcc/arm-none-eabi/11.3.1/../../../../arm-none-eabi/lib/thumb/v7-m/nofp\libc.a
LOAD D:/Programas/STM32CubeIDE/STM32CubeIDE_1.14.0/STM32CubeIDE/plugins/com.st.stm32cube.ide.mcu.externaltools.gnu-tools-for-stm32.11.3.rel1.win32_1.1.100.202309141235/tools/bin/../lib/gcc/arm-none-eabi/11.3.1/../../../../arm-none-eabi/lib/thumb/v7-m/nofp\libm.a
LOAD D:/Programas/STM32CubeIDE/STM32CubeIDE_1.14.0/STM32CubeIDE/plugins/com.st.stm32cube.ide.mcu.externaltools.gnu-tools-for-stm32.11.3.rel1.win32_1.1.100.202309141235/tools/bin/../lib/gcc/arm-none-eabi/11.3.1/thumb/v7-m/nofp\libgcc.a

.comment        0x0000000000000000       0x43
 .comment       0x0000000000000000       0x43 D:/Programas/STM32CubeIDE/STM32CubeIDE_1.14.0/STM32CubeIDE/plugins/com.st.stm32cube.ide.mcu.externaltools.gnu-tools-for-stm32.11.3.rel1.win32_1.1.100.202309141235/tools/bin/../lib/gcc/arm-none-eabi/11.3.1/thumb/v7-m/nofp/crtbegin.o
                                         0x44 (size before relaxing)
 .comment       0x0000000000000043       0x44 ./Core/Src/blink_control.o
 .comment       0x0000000000000043       0x44 ./Core/Src/debouncer.o
 .comment       0x0000000000000043       0x44 ./Core/Src/edge_detector.o
 .comment       0x0000000000000043       0x44 ./Core/Src/fsm.o
 .comment       0x0000000000000043       0x44 ./Core/Src/main.o
 .comment       0x0000000000000043       0x44 ./Core/Src/modulo_semaforo.o
 .comment       0x0000000000000043       0x44 ./Core/Src/stm32f1xx_hal_msp.o
 .comment       0x0000000000000043       0x44 ./Core/Src/stm32f1xx_it.o
 .comment       0x0000000000000043       0x44 ./Core/Src/system_stm32f1xx.o
 .comment       0x0000000000000043       0x44 ./Core/Src/timer.o
 .comment       0x0000000000000043       0x44 ./Drivers/STM32F1xx_HAL_Driver/Src/stm32f1xx_hal.o
 .comment       0x0000000000000043       0x44 ./Drivers/STM32F1xx_HAL_Driver/Src/stm32f1xx_hal_cortex.o
 .comment       0x0000000000000043       0x44 ./Drivers/STM32F1xx_HAL_Driver/Src/stm32f1xx_hal_gpio.o
 .comment       0x0000000000000043       0x44 ./Drivers/STM32F1xx_HAL_Driver/Src/stm32f1xx_hal_rcc.o

.debug_info     0x0000000000000000     0x4671
 .debug_info    0x0000000000000000      0x4ff ./Core/Src/blink_control.o
 .debug_info    0x00000000000004ff      0x543 ./Core/Src/debouncer.o
 .debug_info    0x0000000000000a42      0x557 ./Core/Src/edge_detector.o
 .debug_info    0x0000000000000f99      0x21e ./Core/Src/fsm.o
 .debug_info    0x00000000000011b7      0x788 ./Core/Src/main.o
 .debug_info    0x000000000000193f      0x75f ./Core/Src/modulo_semaforo.o
 .debug_info    0x000000000000209e      0x1f1 ./Core/Src/stm32f1xx_hal_msp.o
 .debug_info    0x000000000000228f      0x113 ./Core/Src/stm32f1xx_it.o
 .debug_info    0x00000000000023a2      0x222 ./Core/Src/system_stm32f1xx.o
 .debug_info    0x00000000000025c4      0x17f ./Core/Src/timer.o
 .debug_info    0x0000000000002743       0x23 ./Core/Startup/startup_stm32f103c8tx.o
 .debug_info    0x0000000000002766      0x704 ./Drivers/STM32F1xx_HAL_Driver/Src/stm32f1xx_hal.o
 .debug_info    0x0000000000002e6a      0xa87 ./Drivers/STM32F1xx_HAL_Driver/Src/stm32f1xx_hal_cortex.o
 .debug_info    0x00000000000038f1      0x5ab ./Drivers/STM32F1xx_HAL_Driver/Src/stm32f1xx_hal_gpio.o
 .debug_info    0x0000000000003e9c      0x7d5 ./Drivers/STM32F1xx_HAL_Driver/Src/stm32f1xx_hal_rcc.o

.debug_abbrev   0x0000000000000000     0x17d8
 .debug_abbrev  0x0000000000000000      0x1b1 ./Core/Src/blink_control.o
 .debug_abbrev  0x00000000000001b1      0x1eb ./Core/Src/debouncer.o
 .debug_abbrev  0x000000000000039c      0x209 ./Core/Src/edge_detector.o
 .debug_abbrev  0x00000000000005a5      0x131 ./Core/Src/fsm.o
 .debug_abbrev  0x00000000000006d6      0x224 ./Core/Src/main.o
 .debug_abbrev  0x00000000000008fa      0x1d0 ./Core/Src/modulo_semaforo.o
 .debug_abbrev  0x0000000000000aca       0xdb ./Core/Src/stm32f1xx_hal_msp.o
 .debug_abbrev  0x0000000000000ba5       0x73 ./Core/Src/stm32f1xx_it.o
 .debug_abbrev  0x0000000000000c18      0x13f ./Core/Src/system_stm32f1xx.o
 .debug_abbrev  0x0000000000000d57       0xf9 ./Core/Src/timer.o
 .debug_abbrev  0x0000000000000e50       0x12 ./Core/Startup/startup_stm32f103c8tx.o
 .debug_abbrev  0x0000000000000e62      0x201 ./Drivers/STM32F1xx_HAL_Driver/Src/stm32f1xx_hal.o
 .debug_abbrev  0x0000000000001063      0x2f8 ./Drivers/STM32F1xx_HAL_Driver/Src/stm32f1xx_hal_cortex.o
 .debug_abbrev  0x000000000000135b      0x1ca ./Drivers/STM32F1xx_HAL_Driver/Src/stm32f1xx_hal_gpio.o
 .debug_abbrev  0x0000000000001525      0x2b3 ./Drivers/STM32F1xx_HAL_Driver/Src/stm32f1xx_hal_rcc.o

.debug_aranges  0x0000000000000000      0x598
 .debug_aranges
                0x0000000000000000       0x48 ./Core/Src/blink_control.o
 .debug_aranges
                0x0000000000000048       0x58 ./Core/Src/debouncer.o
 .debug_aranges
                0x00000000000000a0       0x60 ./Core/Src/edge_detector.o
 .debug_aranges
                0x0000000000000100       0x28 ./Core/Src/fsm.o
 .debug_aranges
                0x0000000000000128       0x38 ./Core/Src/main.o
 .debug_aranges
                0x0000000000000160       0x68 ./Core/Src/modulo_semaforo.o
 .debug_aranges
                0x00000000000001c8       0x20 ./Core/Src/stm32f1xx_hal_msp.o
 .debug_aranges
                0x00000000000001e8       0x60 ./Core/Src/stm32f1xx_it.o
 .debug_aranges
                0x0000000000000248       0x28 ./Core/Src/system_stm32f1xx.o
 .debug_aranges
                0x0000000000000270       0x38 ./Core/Src/timer.o
 .debug_aranges
                0x00000000000002a8       0x28 ./Core/Startup/startup_stm32f103c8tx.o
 .debug_aranges
                0x00000000000002d0       0xe0 ./Drivers/STM32F1xx_HAL_Driver/Src/stm32f1xx_hal.o
 .debug_aranges
                0x00000000000003b0      0x100 ./Drivers/STM32F1xx_HAL_Driver/Src/stm32f1xx_hal_cortex.o
 .debug_aranges
                0x00000000000004b0       0x58 ./Drivers/STM32F1xx_HAL_Driver/Src/stm32f1xx_hal_gpio.o
 .debug_aranges
                0x0000000000000508       0x90 ./Drivers/STM32F1xx_HAL_Driver/Src/stm32f1xx_hal_rcc.o

.debug_rnglists
                0x0000000000000000      0x3f3
 .debug_rnglists
                0x0000000000000000       0x31 ./Core/Src/blink_control.o
 .debug_rnglists
                0x0000000000000031       0x3d ./Core/Src/debouncer.o
 .debug_rnglists
                0x000000000000006e       0x43 ./Core/Src/edge_detector.o
 .debug_rnglists
                0x00000000000000b1       0x1a ./Core/Src/fsm.o
 .debug_rnglists
                0x00000000000000cb       0x27 ./Core/Src/main.o
 .debug_rnglists
                0x00000000000000f2       0x4a ./Core/Src/modulo_semaforo.o
 .debug_rnglists
                0x000000000000013c       0x13 ./Core/Src/stm32f1xx_hal_msp.o
 .debug_rnglists
                0x000000000000014f       0x43 ./Core/Src/stm32f1xx_it.o
 .debug_rnglists
                0x0000000000000192       0x1a ./Core/Src/system_stm32f1xx.o
 .debug_rnglists
                0x00000000000001ac       0x25 ./Core/Src/timer.o
 .debug_rnglists
                0x00000000000001d1       0x19 ./Core/Startup/startup_stm32f103c8tx.o
 .debug_rnglists
                0x00000000000001ea       0xa3 ./Drivers/STM32F1xx_HAL_Driver/Src/stm32f1xx_hal.o
 .debug_rnglists
                0x000000000000028d       0xbb ./Drivers/STM32F1xx_HAL_Driver/Src/stm32f1xx_hal_cortex.o
 .debug_rnglists
                0x0000000000000348       0x3f ./Drivers/STM32F1xx_HAL_Driver/Src/stm32f1xx_hal_gpio.o
 .debug_rnglists
                0x0000000000000387       0x6c ./Drivers/STM32F1xx_HAL_Driver/Src/stm32f1xx_hal_rcc.o

.debug_macro    0x0000000000000000    0x16e4c
 .debug_macro   0x0000000000000000      0x1b9 ./Core/Src/blink_control.o
 .debug_macro   0x00000000000001b9      0xa9c ./Core/Src/blink_control.o
 .debug_macro   0x0000000000000c55       0x22 ./Core/Src/blink_control.o
 .debug_macro   0x0000000000000c77       0x8e ./Core/Src/blink_control.o
 .debug_macro   0x0000000000000d05       0x51 ./Core/Src/blink_control.o
 .debug_macro   0x0000000000000d56      0x103 ./Core/Src/blink_control.o
 .debug_macro   0x0000000000000e59       0x6a ./Core/Src/blink_control.o
 .debug_macro   0x0000000000000ec3      0x1df ./Core/Src/blink_control.o
 .debug_macro   0x00000000000010a2      0x20f ./Core/Src/blink_control.o
 .debug_macro   0x00000000000012b1       0x2e ./Core/Src/blink_control.o
 .debug_macro   0x00000000000012df       0x22 ./Core/Src/blink_control.o
 .debug_macro   0x0000000000001301       0x1c ./Core/Src/blink_control.o
 .debug_macro   0x000000000000131d       0x22 ./Core/Src/blink_control.o
 .debug_macro   0x000000000000133f       0xbd ./Core/Src/blink_control.o
 .debug_macro   0x00000000000013fc      0xd23 ./Core/Src/blink_control.o
 .debug_macro   0x000000000000211f     0xe09e ./Core/Src/blink_control.o
 .debug_macro   0x00000000000101bd       0x6d ./Core/Src/blink_control.o
 .debug_macro   0x000000000001022a     0x34a2 ./Core/Src/blink_control.o
 .debug_macro   0x00000000000136cc      0x174 ./Core/Src/blink_control.o
 .debug_macro   0x0000000000013840       0x5c ./Core/Src/blink_control.o
 .debug_macro   0x000000000001389c      0x5bc ./Core/Src/blink_control.o
 .debug_macro   0x0000000000013e58      0x289 ./Core/Src/blink_control.o
 .debug_macro   0x00000000000140e1      0x1cb ./Core/Src/blink_control.o
 .debug_macro   0x00000000000142ac      0x114 ./Core/Src/blink_control.o
 .debug_macro   0x00000000000143c0      0x1b2 ./Core/Src/blink_control.o
 .debug_macro   0x0000000000014572       0x27 ./Core/Src/blink_control.o
 .debug_macro   0x0000000000014599      0x136 ./Core/Src/blink_control.o
 .debug_macro   0x00000000000146cf      0x1bc ./Core/Src/blink_control.o
 .debug_macro   0x000000000001488b       0x34 ./Core/Src/blink_control.o
 .debug_macro   0x00000000000148bf       0x3c ./Core/Src/blink_control.o
 .debug_macro   0x00000000000148fb       0x57 ./Core/Src/blink_control.o
 .debug_macro   0x0000000000014952       0x87 ./Core/Src/blink_control.o
 .debug_macro   0x00000000000149d9      0x240 ./Core/Src/blink_control.o
 .debug_macro   0x0000000000014c19      0x140 ./Core/Src/blink_control.o
 .debug_macro   0x0000000000014d59       0x83 ./Core/Src/blink_control.o
 .debug_macro   0x0000000000014ddc       0x34 ./Core/Src/blink_control.o
 .debug_macro   0x0000000000014e10      0x1b5 ./Core/Src/debouncer.o
 .debug_macro   0x0000000000014fc5      0x1bb ./Core/Src/edge_detector.o
 .debug_macro   0x0000000000015180      0x19d ./Core/Src/fsm.o
 .debug_macro   0x000000000001531d      0x2d5 ./Core/Src/main.o
 .debug_macro   0x00000000000155f2       0x61 ./Core/Src/main.o
 .debug_macro   0x0000000000015653       0x24 ./Core/Src/main.o
 .debug_macro   0x0000000000015677       0x43 ./Core/Src/main.o
 .debug_macro   0x00000000000156ba       0x34 ./Core/Src/main.o
 .debug_macro   0x00000000000156ee       0x16 ./Core/Src/main.o
 .debug_macro   0x0000000000015704       0x43 ./Core/Src/main.o
 .debug_macro   0x0000000000015747       0x34 ./Core/Src/main.o
 .debug_macro   0x000000000001577b       0x10 ./Core/Src/main.o
 .debug_macro   0x000000000001578b       0x58 ./Core/Src/main.o
 .debug_macro   0x00000000000157e3       0x8e ./Core/Src/main.o
 .debug_macro   0x0000000000015871       0x1c ./Core/Src/main.o
 .debug_macro   0x000000000001588d      0x177 ./Core/Src/main.o
 .debug_macro   0x0000000000015a04      0x369 ./Core/Src/main.o
 .debug_macro   0x0000000000015d6d       0x10 ./Core/Src/main.o
 .debug_macro   0x0000000000015d7d       0x35 ./Core/Src/main.o
 .debug_macro   0x0000000000015db2       0x20 ./Core/Src/main.o
 .debug_macro   0x0000000000015dd2       0x1c ./Core/Src/main.o
 .debug_macro   0x0000000000015dee       0x10 ./Core/Src/main.o
 .debug_macro   0x0000000000015dfe       0x1c ./Core/Src/main.o
 .debug_macro   0x0000000000015e1a       0x16 ./Core/Src/main.o
 .debug_macro   0x0000000000015e30      0x147 ./Core/Src/main.o
 .debug_macro   0x0000000000015f77      0x1cf ./Core/Src/modulo_semaforo.o
 .debug_macro   0x0000000000016146      0x193 ./Core/Src/stm32f1xx_hal_msp.o
 .debug_macro   0x00000000000162d9      0x19d ./Core/Src/stm32f1xx_it.o
 .debug_macro   0x0000000000016476      0x184 ./Core/Src/system_stm32f1xx.o
 .debug_macro   0x00000000000165fa      0x1a1 ./Core/Src/timer.o
 .debug_macro   0x000000000001679b      0x1a8 ./Drivers/STM32F1xx_HAL_Driver/Src/stm32f1xx_hal.o
 .debug_macro   0x0000000000016943      0x184 ./Drivers/STM32F1xx_HAL_Driver/Src/stm32f1xx_hal_cortex.o
 .debug_macro   0x0000000000016ac7      0x1ef ./Drivers/STM32F1xx_HAL_Driver/Src/stm32f1xx_hal_gpio.o
 .debug_macro   0x0000000000016cb6      0x196 ./Drivers/STM32F1xx_HAL_Driver/Src/stm32f1xx_hal_rcc.o

.debug_line     0x0000000000000000     0x825a
 .debug_line    0x0000000000000000      0x813 ./Core/Src/blink_control.o
 .debug_line    0x0000000000000813      0x888 ./Core/Src/debouncer.o
 .debug_line    0x000000000000109b      0x85c ./Core/Src/edge_detector.o
 .debug_line    0x00000000000018f7      0x7e4 ./Core/Src/fsm.o
 .debug_line    0x00000000000020db      0xa13 ./Core/Src/main.o
 .debug_line    0x0000000000002aee      0x8ce ./Core/Src/modulo_semaforo.o
 .debug_line    0x00000000000033bc      0x76c ./Core/Src/stm32f1xx_hal_msp.o
 .debug_line    0x0000000000003b28      0x82d ./Core/Src/stm32f1xx_it.o
 .debug_line    0x0000000000004355      0x7e9 ./Core/Src/system_stm32f1xx.o
 .debug_line    0x0000000000004b3e      0x7c2 ./Core/Src/timer.o
 .debug_line    0x0000000000005300       0x78 ./Core/Startup/startup_stm32f103c8tx.o
 .debug_line    0x0000000000005378      0xa16 ./Drivers/STM32F1xx_HAL_Driver/Src/stm32f1xx_hal.o
 .debug_line    0x0000000000005d8e      0xbfe ./Drivers/STM32F1xx_HAL_Driver/Src/stm32f1xx_hal_cortex.o
 .debug_line    0x000000000000698c      0xaaf ./Drivers/STM32F1xx_HAL_Driver/Src/stm32f1xx_hal_gpio.o
 .debug_line    0x000000000000743b      0xe1f ./Drivers/STM32F1xx_HAL_Driver/Src/stm32f1xx_hal_rcc.o

.debug_str      0x0000000000000000    0x7fb6a
 .debug_str     0x0000000000000000    0x7ac2a ./Core/Src/blink_control.o
                                      0x7af8c (size before relaxing)
 .debug_str     0x000000000007ac2a      0x1b6 ./Core/Src/debouncer.o
                                      0x7afdb (size before relaxing)
 .debug_str     0x000000000007ade0      0x171 ./Core/Src/edge_detector.o
                                      0x7aff9 (size before relaxing)
 .debug_str     0x000000000007af51       0x32 ./Core/Src/fsm.o
                                      0x7ada5 (size before relaxing)
 .debug_str     0x000000000007af83     0x3a7a ./Core/Src/main.o
                                      0x7e944 (size before relaxing)
 .debug_str     0x000000000007e9fd      0x19f ./Core/Src/modulo_semaforo.o
                                      0x7b191 (size before relaxing)
 .debug_str     0x000000000007eb9c       0x5a ./Core/Src/stm32f1xx_hal_msp.o
                                      0x7ad88 (size before relaxing)
 .debug_str     0x000000000007ebf6       0xc9 ./Core/Src/stm32f1xx_it.o
                                      0x7ad9d (size before relaxing)
 .debug_str     0x000000000007ecbf       0x88 ./Core/Src/system_stm32f1xx.o
                                      0x7ad09 (size before relaxing)
 .debug_str     0x000000000007ed47       0x30 ./Core/Src/timer.o
                                      0x7ad8b (size before relaxing)
 .debug_str     0x000000000007ed77       0x34 ./Core/Startup/startup_stm32f103c8tx.o
                                         0x62 (size before relaxing)
 .debug_str     0x000000000007edab      0x605 ./Drivers/STM32F1xx_HAL_Driver/Src/stm32f1xx_hal.o
                                      0x7b43c (size before relaxing)
 .debug_str     0x000000000007f3b0      0x2bb ./Drivers/STM32F1xx_HAL_Driver/Src/stm32f1xx_hal_cortex.o
                                      0x7b388 (size before relaxing)
 .debug_str     0x000000000007f66b      0x2d6 ./Drivers/STM32F1xx_HAL_Driver/Src/stm32f1xx_hal_gpio.o
                                      0x7b08f (size before relaxing)
 .debug_str     0x000000000007f941      0x229 ./Drivers/STM32F1xx_HAL_Driver/Src/stm32f1xx_hal_rcc.o
                                      0x7b138 (size before relaxing)

.debug_frame    0x0000000000000000     0x132c
 .debug_frame   0x0000000000000000       0xe8 ./Core/Src/blink_control.o
 .debug_frame   0x00000000000000e8      0x134 ./Core/Src/debouncer.o
 .debug_frame   0x000000000000021c      0x168 ./Core/Src/edge_detector.o
 .debug_frame   0x0000000000000384       0x5c ./Core/Src/fsm.o
 .debug_frame   0x00000000000003e0       0x90 ./Core/Src/main.o
 .debug_frame   0x0000000000000470      0x178 ./Core/Src/modulo_semaforo.o
 .debug_frame   0x00000000000005e8       0x38 ./Core/Src/stm32f1xx_hal_msp.o
 .debug_frame   0x0000000000000620      0x104 ./Core/Src/stm32f1xx_it.o
 .debug_frame   0x0000000000000724       0x58 ./Core/Src/system_stm32f1xx.o
 .debug_frame   0x000000000000077c       0xa4 ./Core/Src/timer.o
 .debug_frame   0x0000000000000820      0x334 ./Drivers/STM32F1xx_HAL_Driver/Src/stm32f1xx_hal.o
 .debug_frame   0x0000000000000b54      0x428 ./Drivers/STM32F1xx_HAL_Driver/Src/stm32f1xx_hal_cortex.o
 .debug_frame   0x0000000000000f7c      0x14c ./Drivers/STM32F1xx_HAL_Driver/Src/stm32f1xx_hal_gpio.o
 .debug_frame   0x00000000000010c8      0x218 ./Drivers/STM32F1xx_HAL_Driver/Src/stm32f1xx_hal_rcc.o
 .debug_frame   0x00000000000012e0       0x20 D:/Programas/STM32CubeIDE/STM32CubeIDE_1.14.0/STM32CubeIDE/plugins/com.st.stm32cube.ide.mcu.externaltools.gnu-tools-for-stm32.11.3.rel1.win32_1.1.100.202309141235/tools/bin/../lib/gcc/arm-none-eabi/11.3.1/../../../../arm-none-eabi/lib/thumb/v7-m/nofp\libc_nano.a(libc_a-memset.o)
 .debug_frame   0x0000000000001300       0x2c D:/Programas/STM32CubeIDE/STM32CubeIDE_1.14.0/STM32CubeIDE/plugins/com.st.stm32cube.ide.mcu.externaltools.gnu-tools-for-stm32.11.3.rel1.win32_1.1.100.202309141235/tools/bin/../lib/gcc/arm-none-eabi/11.3.1/../../../../arm-none-eabi/lib/thumb/v7-m/nofp\libc_nano.a(libc_a-init.o)

.debug_line_str
                0x0000000000000000       0x56
 .debug_line_str
                0x0000000000000000       0x56 ./Core/Startup/startup_stm32f103c8tx.o
                                         0x6e (size before relaxing)
